
> temp-app@0.1.0 dev
> next dev

▲ Next.js 16.1.6 (Turbopack)
- Local:         http://localhost:3000
- Network:       http://192.168.0.2:3000

✓ Starting...
Attention: Next.js now collects completely anonymous telemetry regarding usage.
This information is used to shape Next.js' roadmap and prioritize features.
You can learn more, including how to opt-out if you'd not like to participate in this anonymous program, by visiting the following URL:
https://nextjs.org/telemetry

✓ Ready in 1111ms
○ Compiling / ...
 GET / 200 in 7.4s (compile: 6.8s, render: 659ms)
⨯ upstream image response failed for https://images.unsplash.com/photo-1511285560982-1351cdeb9821?q=80&w=800&auto=format&fit=crop 404
⨯ upstream image response failed for https://images.unsplash.com/photo-1522673607200-1645062cd958?q=80&w=800&auto=format&fit=crop 404
 GET / 200 in 304ms (compile: 81ms, render: 223ms)
⨯ TypeError: Cannot read properties of undefined (reading 'groom')
    at HeroSection (src/components/sections/HeroSection.tsx:75:101)
  73 |             <motion.div variants={namesBlockVariants} className="flex flex-col items-center relative z-10">
  74 |                 <h1 className="font-serif text-ivory-light leading-[0.85]">
> 75 |                     <span className="block text-[clamp(4.5rem,11vw,9.5rem)] tracking-tight">{couple.groom}</span>
     |                                                                                                     ^
  76 |                     <span className="block text-accent-gold text-3xl md:text-4xl my-10 font-serif italic">&</span>
  77 |                     <span className="block text-[clamp(4.5rem,11vw,9.5rem)] tracking-tight">{couple.bride}</span>
  78 |                 </h1> {
  digest: '221074206'
}
 GET / 500 in 268ms (compile: 76ms, render: 192ms)
⨯ TypeError: Cannot read properties of undefined (reading 'groom')
    at HeroSection (src/components/sections/HeroSection.tsx:75:101)
  73 |             <motion.div variants={namesBlockVariants} className="flex flex-col items-center relative z-10">
  74 |                 <h1 className="font-serif text-ivory-light leading-[0.85]">
> 75 |                     <span className="block text-[clamp(4.5rem,11vw,9.5rem)] tracking-tight">{couple.groom}</span>
     |                                                                                                     ^
  76 |                     <span className="block text-accent-gold text-3xl md:text-4xl my-10 font-serif italic">&</span>
  77 |                     <span className="block text-[clamp(4.5rem,11vw,9.5rem)] tracking-tight">{couple.bride}</span>
  78 |                 </h1> {
  digest: '1340784506'
}
 GET / 500 in 364ms (compile: 91ms, render: 273ms)
 GET / 200 in 285ms (compile: 80ms, render: 205ms)
